******************************************************************************
                  MSP430 Linker PC v18.12.1                    
******************************************************************************
>> Linked Thu May 16 15:17:25 2019

OUTPUT FILE NAME:   <rjg_board.out>
ENTRY POINT SYMBOL: "_c_int00_noargs"  address: 0000ede6


MEMORY CONFIGURATION

         name            origin    length      used     unused   attr    fill
----------------------  --------  ---------  --------  --------  ----  --------
  BSL0                  00001000   00000800  00000000  00000800  RWIX
  INFO                  00001800   00000100  00000000  00000100  RWIX
  RAM                   00002000   00000800  000000b3  0000074d  RWIX
  FRAM                  0000e300   00001c80  00000b0a  00001176  RWIX
  JTAGSIGNATURE         0000ff80   00000004  00000004  00000000  RWIX  ffff 
  BSLSIGNATURE          0000ff84   00000004  00000004  00000000  RWIX  ffff 
  INT00                 0000ff88   00000002  00000000  00000002  RWIX
  INT01                 0000ff8a   00000002  00000000  00000002  RWIX
  INT02                 0000ff8c   00000002  00000000  00000002  RWIX
  INT03                 0000ff8e   00000002  00000000  00000002  RWIX
  INT04                 0000ff90   00000002  00000000  00000002  RWIX
  INT05                 0000ff92   00000002  00000000  00000002  RWIX
  INT06                 0000ff94   00000002  00000000  00000002  RWIX
  INT07                 0000ff96   00000002  00000000  00000002  RWIX
  INT08                 0000ff98   00000002  00000000  00000002  RWIX
  INT09                 0000ff9a   00000002  00000000  00000002  RWIX
  INT10                 0000ff9c   00000002  00000000  00000002  RWIX
  INT11                 0000ff9e   00000002  00000000  00000002  RWIX
  INT12                 0000ffa0   00000002  00000000  00000002  RWIX
  INT13                 0000ffa2   00000002  00000000  00000002  RWIX
  INT14                 0000ffa4   00000002  00000000  00000002  RWIX
  INT15                 0000ffa6   00000002  00000000  00000002  RWIX
  INT16                 0000ffa8   00000002  00000000  00000002  RWIX
  INT17                 0000ffaa   00000002  00000000  00000002  RWIX
  INT18                 0000ffac   00000002  00000000  00000002  RWIX
  INT19                 0000ffae   00000002  00000000  00000002  RWIX
  INT20                 0000ffb0   00000002  00000000  00000002  RWIX
  INT21                 0000ffb2   00000002  00000000  00000002  RWIX
  INT22                 0000ffb4   00000002  00000000  00000002  RWIX
  INT23                 0000ffb6   00000002  00000000  00000002  RWIX
  INT24                 0000ffb8   00000002  00000000  00000002  RWIX
  INT25                 0000ffba   00000002  00000000  00000002  RWIX
  INT26                 0000ffbc   00000002  00000000  00000002  RWIX
  INT27                 0000ffbe   00000002  00000000  00000002  RWIX
  INT28                 0000ffc0   00000002  00000000  00000002  RWIX
  INT29                 0000ffc2   00000002  00000000  00000002  RWIX
  INT30                 0000ffc4   00000002  00000000  00000002  RWIX
  INT31                 0000ffc6   00000002  00000000  00000002  RWIX
  INT32                 0000ffc8   00000002  00000000  00000002  RWIX
  INT33                 0000ffca   00000002  00000000  00000002  RWIX
  INT34                 0000ffcc   00000002  00000000  00000002  RWIX
  INT35                 0000ffce   00000002  00000000  00000002  RWIX
  INT36                 0000ffd0   00000002  00000000  00000002  RWIX
  INT37                 0000ffd2   00000002  00000000  00000002  RWIX
  INT38                 0000ffd4   00000002  00000000  00000002  RWIX
  INT39                 0000ffd6   00000002  00000000  00000002  RWIX
  INT40                 0000ffd8   00000002  00000000  00000002  RWIX
  INT41                 0000ffda   00000002  00000000  00000002  RWIX
  INT42                 0000ffdc   00000002  00000000  00000002  RWIX
  INT43                 0000ffde   00000002  00000000  00000002  RWIX
  INT44                 0000ffe0   00000002  00000000  00000002  RWIX
  INT45                 0000ffe2   00000002  00000000  00000002  RWIX
  INT46                 0000ffe4   00000002  00000002  00000000  RWIX
  INT47                 0000ffe6   00000002  00000002  00000000  RWIX
  INT48                 0000ffe8   00000002  00000002  00000000  RWIX
  INT49                 0000ffea   00000002  00000002  00000000  RWIX
  INT50                 0000ffec   00000002  00000002  00000000  RWIX
  INT51                 0000ffee   00000002  00000002  00000000  RWIX
  INT52                 0000fff0   00000002  00000002  00000000  RWIX
  INT53                 0000fff2   00000002  00000002  00000000  RWIX
  INT54                 0000fff4   00000002  00000002  00000000  RWIX
  INT55                 0000fff6   00000002  00000002  00000000  RWIX
  INT56                 0000fff8   00000002  00000002  00000000  RWIX
  INT57                 0000fffa   00000002  00000002  00000000  RWIX
  INT58                 0000fffc   00000002  00000002  00000000  RWIX
  RESET                 0000fffe   00000002  00000002  00000000  RWIX
  BSL1                  000ffc00   00000400  00000000  00000400  RWIX


SECTION ALLOCATION MAP

 output                                  attributes/
section   page    origin      length       input sections
--------  ----  ----------  ----------   ----------------
.data      0    00002000    0000000f     UNINITIALIZED
                  00002000    0000000f     main.obj (.data)

.TI.persistent 
*          0    0000e300    00000000     UNINITIALIZED

.cinit     0    0000e300    0000002a     
                  0000e300    0000000c     (__TI_handler_table)
                  0000e30c    00000007     (.cinit..data.load) [load image, compression = lzss]
                  0000e313    00000001     --HOLE-- [fill = 0]
                  0000e314    00000006     (.cinit..bss.load) [load image, compression = zero_init]
                  0000e31a    00000010     (__TI_cinit_table)

.pinit     0    0000e32a    00000000     UNINITIALIZED

.binit     0    0000e32a    00000000     

.init_array 
*          0    0000e32a    00000000     UNINITIALIZED

.mspabi.exidx 
*          0    0000e32a    00000000     UNINITIALIZED

.mspabi.extab 
*          0    0000e32a    00000000     UNINITIALIZED

.const     0    0000e32a    00000000     UNINITIALIZED

.text      0    0000e32a    00000772     
                  0000e32a    0000029c     main.obj (.text:main)
                  0000e5c6    000000ee     rts430x_lc_sd_eabi.lib : copy_decompress_lzss.c.obj (.text:decompress:lzss:__TI_decompress_lzss)
                  0000e6b4    0000006e     I2C.obj (.text:I2C_config_Accelerometer)
                  0000e722    0000006a     GPIO.obj (.text:GPIO_init)
                  0000e78c    0000006a     rts430x_lc_sd_eabi.lib : autoinit.c.obj (.text:__TI_auto_init_nobinit_nopinit_hold_wdt:__TI_auto_init_nobinit_nopinit_hold_wdt)
                  0000e7f6    0000004c     I2C.obj (.text:I2C_ReadRegister)
                  0000e842    00000040     rts430x_lc_sd_eabi.lib : cpy_util.asm.obj (.text:__memcpy_far)
                  0000e882    0000003e                            : copy_zero_init.c.obj (.text:decompress:ZI:__TI_zero_init_nomemset:__TI_zero_init_nomemset)
                  0000e8c0    0000003c                            : copy_decompress_none.c.obj (.text:decompress:none:__TI_decompress_none)
                  0000e8fc    00000038     CLOCK.obj (.text:initClockTo1MHz)
                  0000e934    00000036     I2C.obj (.text:I2C_WriteRegister)
                  0000e96a    00000024     RTC.obj (.text:Init_RTC)
                  0000e98e    0000001c     I2C.obj (.text:I2C_init)
                  0000e9aa    0000001a     TIMER.obj (.text:Buzzer_init)
                  0000e9c4    00000018     TIMER.obj (.text:TIMA0_init)
                  0000e9dc    00000014     TIMER.obj (.text:Init_TIMA0)
                  0000e9f0    00000012     RTC.obj (.text:RTC_init)
                  0000ea02    00000012     RTC.obj (.text:RTC_start)
                  0000ea14    00000010     TIMER.obj (.text:Buzzer)
                  0000ea24    00000010     TIMER.obj (.text:Init_timer)
                  0000ea34    0000000a     TIMER.obj (.text:Init_Buzzer)
                  0000ea3e    0000000a     RTC.obj (.text:RTC_enableInterrupt)
                  0000ea48    00000008     TIMER.obj (.text:Buzzer_start)
                  0000ea50    00000008     TIMER.obj (.text:Buzzer_stop)
                  0000ea58    00000008     RTC.obj (.text:RTC_stop)
                  0000ea60    00000008     GPIO.obj (.text:Sensor_disableInterrupt)
                  0000ea68    00000008     GPIO.obj (.text:Sensor_enableInterrupt)
                  0000ea70    00000008     TIMER.obj (.text:TIMA0_stop)
                  0000ea78    00000006     FUNCTIONS.obj (.text:Boost_disable)
                  0000ea7e    00000006     FUNCTIONS.obj (.text:Boost_enable)
                  0000ea84    00000006     RTC.obj (.text:RTC_setModulo)
                  0000ea8a    00000006     GPIO.obj (.text:Switch_enableInterrupt)
                  0000ea90    00000006     rts430x_lc_sd_eabi.lib : exit.c.obj (.text:abort)
                  0000ea96    00000004                            : pre_init.c.obj (.text:_system_pre_init)
                  0000ea9a    00000002                            : startup.c.obj (.text:_system_post_cinit)

.text:_isr 
*          0    0000ea9c    0000036e     
                  0000ea9c    0000022c     main.obj (.text:_isr:Port_1)
                  0000ecc8    000000f0     main.obj (.text:_isr:Timer_A)
                  0000edb8    0000002e     main.obj (.text:_isr:RTC_ISR)
                  0000ede6    0000001c     rts430x_lc_sd_eabi.lib : boot.c.obj (.text:_isr:_c_int00_noargs)
                  0000ee02    00000008                            : isr_trap.asm.obj (.text:_isr:__TI_ISR_TRAP)

.bss       0    00002010    00000004     UNINITIALIZED
                  00002010    00000002     (.common:Data)
                  00002012    00000002     (.common:RXData)

.stack     0    00002760    000000a0     UNINITIALIZED
                  00002760    00000002     rts430x_lc_sd_eabi.lib : boot.c.obj (.stack)
                  00002762    0000009e     --HOLE--

PORT2      0    0000ffe4    00000002     
                  0000ffe4    00000002     rts430x_lc_sd_eabi.lib : int46.asm.obj (.int46)

PORT1      0    0000ffe6    00000002     
                  0000ffe6    00000002     main.obj (.int47)

ADC        0    0000ffe8    00000002     
                  0000ffe8    00000002     rts430x_lc_sd_eabi.lib : int48.asm.obj (.int48)

EUSCI_B0   0    0000ffea    00000002     
                  0000ffea    00000002     rts430x_lc_sd_eabi.lib : int49.asm.obj (.int49)

EUSCI_A0   0    0000ffec    00000002     
                  0000ffec    00000002     rts430x_lc_sd_eabi.lib : int50.asm.obj (.int50)

WDT        0    0000ffee    00000002     
                  0000ffee    00000002     rts430x_lc_sd_eabi.lib : int51.asm.obj (.int51)

RTC        0    0000fff0    00000002     
                  0000fff0    00000002     main.obj (.int52)

TIMER1_A1 
*          0    0000fff2    00000002     
                  0000fff2    00000002     rts430x_lc_sd_eabi.lib : int53.asm.obj (.int53)

TIMER1_A0 
*          0    0000fff4    00000002     
                  0000fff4    00000002     rts430x_lc_sd_eabi.lib : int54.asm.obj (.int54)

TIMER0_A1 
*          0    0000fff6    00000002     
                  0000fff6    00000002     main.obj (.int55)

TIMER0_A0 
*          0    0000fff8    00000002     
                  0000fff8    00000002     rts430x_lc_sd_eabi.lib : int56.asm.obj (.int56)

UNMI       0    0000fffa    00000002     
                  0000fffa    00000002     rts430x_lc_sd_eabi.lib : int57.asm.obj (.int57)

SYSNMI     0    0000fffc    00000002     
                  0000fffc    00000002     rts430x_lc_sd_eabi.lib : int58.asm.obj (.int58)

.reset     0    0000fffe    00000002     
                  0000fffe    00000002     rts430x_lc_sd_eabi.lib : boot.c.obj (.reset)

$fill000   0    0000ff80    00000004     
                  0000ff80    00000004     --HOLE-- [fill = ffff]

$fill001   0    0000ff84    00000004     
                  0000ff84    00000004     --HOLE-- [fill = ffff]

MODULE SUMMARY

       Module                       code   ro data   rw data
       ------                       ----   -------   -------
    .\
       main.obj                     1510   6         19     
       I2C.obj                      268    0         0      
       TIMER.obj                    136    0         0      
       GPIO.obj                     128    0         0      
       RTC.obj                      96     0         0      
       CLOCK.obj                    56     0         0      
       FUNCTIONS.obj                12     0         0      
    +--+----------------------------+------+---------+---------+
       Total:                       2206   6         19     
                                                            
    C:\ti\ccsv7\tools\compiler\ti-cgt-msp430_18.12.1.LTS\lib\rts430x_lc_sd_eabi.lib
       copy_decompress_lzss.c.obj   238    0         0      
       autoinit.c.obj               106    0         0      
       cpy_util.asm.obj             64     0         0      
       copy_zero_init.c.obj         62     0         0      
       copy_decompress_none.c.obj   60     0         0      
       boot.c.obj                   28     2         0      
       isr_trap.asm.obj             8      0         0      
       exit.c.obj                   6      0         0      
       pre_init.c.obj               4      0         0      
       int46.asm.obj                0      2         0      
       int48.asm.obj                0      2         0      
       int49.asm.obj                0      2         0      
       int50.asm.obj                0      2         0      
       int51.asm.obj                0      2         0      
       int53.asm.obj                0      2         0      
       int54.asm.obj                0      2         0      
       int56.asm.obj                0      2         0      
       int57.asm.obj                0      2         0      
       int58.asm.obj                0      2         0      
       startup.c.obj                2      0         0      
    +--+----------------------------+------+---------+---------+
       Total:                       578    22        0      
                                                            
       Stack:                       0      0         160    
       Linker Generated:            0      41        0      
    +--+----------------------------+------+---------+---------+
       Grand Total:                 2784   69        179    


LINKER GENERATED COPY TABLES

__TI_cinit_table @ 0000e31a records: 2, size/record: 8, table size: 16
	.data: load addr=0000e30c, load size=00000007 bytes, run addr=00002000, run size=0000000f bytes, compression=lzss
	.bss: load addr=0000e314, load size=00000006 bytes, run addr=00002010, run size=00000004 bytes, compression=zero_init


LINKER GENERATED HANDLER TABLE

__TI_handler_table @ 0000e300 records: 3, size/record: 4, table size: 12
	index: 0, handler: __TI_zero_init
	index: 1, handler: __TI_decompress_lzss
	index: 2, handler: __TI_decompress_none


GLOBAL SYMBOLS: SORTED ALPHABETICALLY BY Name 

address   name                                   
-------   ----                                   
00000700  ADCCTL0                                
00000701  ADCCTL0_H                              
00000700  ADCCTL0_L                              
00000702  ADCCTL1                                
00000703  ADCCTL1_H                              
00000702  ADCCTL1_L                              
00000704  ADCCTL2                                
00000705  ADCCTL2_H                              
00000704  ADCCTL2_L                              
00000708  ADCHI                                  
00000709  ADCHI_H                                
00000708  ADCHI_L                                
0000071a  ADCIE                                  
0000071b  ADCIE_H                                
0000071a  ADCIE_L                                
0000071c  ADCIFG                                 
0000071d  ADCIFG_H                               
0000071c  ADCIFG_L                               
0000071e  ADCIV                                  
0000071f  ADCIV_H                                
0000071e  ADCIV_L                                
00000706  ADCLO                                  
00000707  ADCLO_H                                
00000706  ADCLO_L                                
0000070a  ADCMCTL0                               
0000070b  ADCMCTL0_H                             
0000070a  ADCMCTL0_L                             
00000712  ADCMEM0                                
00000713  ADCMEM0_H                              
00000712  ADCMEM0_L                              
00000660  BAKMEM0                                
00000661  BAKMEM0_H                              
00000660  BAKMEM0_L                              
00000662  BAKMEM1                                
00000674  BAKMEM10                               
00000675  BAKMEM10_H                             
00000674  BAKMEM10_L                             
00000676  BAKMEM11                               
00000677  BAKMEM11_H                             
00000676  BAKMEM11_L                             
00000678  BAKMEM12                               
00000679  BAKMEM12_H                             
00000678  BAKMEM12_L                             
0000067a  BAKMEM13                               
0000067b  BAKMEM13_H                             
0000067a  BAKMEM13_L                             
0000067c  BAKMEM14                               
0000067d  BAKMEM14_H                             
0000067c  BAKMEM14_L                             
0000067e  BAKMEM15                               
0000067f  BAKMEM15_H                             
0000067e  BAKMEM15_L                             
00000663  BAKMEM1_H                              
00000662  BAKMEM1_L                              
00000664  BAKMEM2                                
00000665  BAKMEM2_H                              
00000664  BAKMEM2_L                              
00000666  BAKMEM3                                
00000667  BAKMEM3_H                              
00000666  BAKMEM3_L                              
00000668  BAKMEM4                                
00000669  BAKMEM4_H                              
00000668  BAKMEM4_L                              
0000066a  BAKMEM5                                
0000066b  BAKMEM5_H                              
0000066a  BAKMEM5_L                              
0000066c  BAKMEM6                                
0000066d  BAKMEM6_H                              
0000066c  BAKMEM6_L                              
0000066e  BAKMEM7                                
0000066f  BAKMEM7_H                              
0000066e  BAKMEM7_L                              
00000670  BAKMEM8                                
00000671  BAKMEM8_H                              
00000670  BAKMEM8_L                              
00000672  BAKMEM9                                
00000673  BAKMEM9_H                              
00000672  BAKMEM9_L                              
0000ea78  Boost_disable                          
0000ea7e  Boost_enable                           
0000ea14  Buzzer                                 
0000e9aa  Buzzer_init                            
0000ea48  Buzzer_start                           
0000ea50  Buzzer_stop                            
0000ea90  C$$EXIT                                
00002002  CLICK_COUNT                            
000001c0  CRCDI                                  
000001c2  CRCDIRB                                
000001c3  CRCDIRB_H                              
000001c2  CRCDIRB_L                              
000001c1  CRCDI_H                                
000001c0  CRCDI_L                                
000001c4  CRCINIRES                              
000001c5  CRCINIRES_H                            
000001c4  CRCINIRES_L                            
000001c6  CRCRESR                                
000001c7  CRCRESR_H                              
000001c6  CRCRESR_L                              
00000180  CSCTL0                                 
00000181  CSCTL0_H                               
00000180  CSCTL0_L                               
00000182  CSCTL1                                 
00000183  CSCTL1_H                               
00000182  CSCTL1_L                               
00000184  CSCTL2                                 
00000185  CSCTL2_H                               
00000184  CSCTL2_L                               
00000186  CSCTL3                                 
00000187  CSCTL3_H                               
00000186  CSCTL3_L                               
00000188  CSCTL4                                 
00000189  CSCTL4_H                               
00000188  CSCTL4_L                               
0000018a  CSCTL5                                 
0000018b  CSCTL5_H                               
0000018a  CSCTL5_L                               
0000018c  CSCTL6                                 
0000018d  CSCTL6_H                               
0000018c  CSCTL6_L                               
0000018e  CSCTL7                                 
0000018f  CSCTL7_H                               
0000018e  CSCTL7_L                               
00000190  CSCTL8                                 
00000191  CSCTL8_H                               
00000190  CSCTL8_L                               
00002010  Data                                   
000001a0  FRCTL0                                 
000001a1  FRCTL0_H                               
000001a0  FRCTL0_L                               
000001a4  GCCTL0                                 
000001a5  GCCTL0_H                               
000001a4  GCCTL0_L                               
000001a6  GCCTL1                                 
000001a7  GCCTL1_H                               
000001a6  GCCTL1_L                               
0000e722  GPIO_init                              
0000e7f6  I2C_ReadRegister                       
0000e934  I2C_WriteRegister                      
0000e6b4  I2C_config_Accelerometer               
0000e98e  I2C_init                               
0000ea34  Init_Buzzer                            
0000e96a  Init_RTC                               
0000e9dc  Init_TIMA0                             
0000ea24  Init_timer                             
000004c4  MAC                                    
000004da  MAC32H                                 
000004db  MAC32H_H                               
000004da  MAC32H_L                               
000004d8  MAC32L                                 
000004d9  MAC32L_H                               
000004d8  MAC32L_L                               
000004c6  MACS                                   
000004de  MACS32H                                
000004df  MACS32H_H                              
000004de  MACS32H_L                              
000004dc  MACS32L                                
000004dd  MACS32L_H                              
000004dc  MACS32L_L                              
000004c7  MACS_H                                 
000004c6  MACS_L                                 
000004c5  MAC_H                                  
000004c4  MAC_L                                  
000004c0  MPY                                    
000004ec  MPY32CTL0                              
000004ed  MPY32CTL0_H                            
000004ec  MPY32CTL0_L                            
000004d2  MPY32H                                 
000004d3  MPY32H_H                               
000004d2  MPY32H_L                               
000004d0  MPY32L                                 
000004d1  MPY32L_H                               
000004d0  MPY32L_L                               
000004c2  MPYS                                   
000004d6  MPYS32H                                
000004d7  MPYS32H_H                              
000004d6  MPYS32H_L                              
000004d4  MPYS32L                                
000004d5  MPYS32L_H                              
000004d4  MPYS32L_L                              
000004c3  MPYS_H                                 
000004c2  MPYS_L                                 
000004c1  MPY_H                                  
000004c0  MPY_L                                  
000004c8  OP2                                    
000004e2  OP2H                                   
000004e3  OP2H_H                                 
000004e2  OP2H_L                                 
000004e0  OP2L                                   
000004e1  OP2L_H                                 
000004e0  OP2L_L                                 
000004c9  OP2_H                                  
000004c8  OP2_L                                  
00000285  P10DIR                                 
0000029b  P10IE                                  
00000299  P10IES                                 
0000029d  P10IFG                                 
00000281  P10IN                                  
00000283  P10OUT                                 
00000287  P10REN                                 
0000028b  P10SEL0                                
0000028d  P10SEL1                                
00000297  P10SELC                                
00000204  P1DIR                                  
0000021a  P1IE                                   
00000218  P1IES                                  
0000021c  P1IFG                                  
00000200  P1IN                                   
0000020e  P1IV                                   
0000020f  P1IV_H                                 
0000020e  P1IV_L                                 
00000202  P1OUT                                  
00000206  P1REN                                  
0000020a  P1SEL0                                 
0000020c  P1SEL1                                 
00000216  P1SELC                                 
00000205  P2DIR                                  
0000021b  P2IE                                   
00000219  P2IES                                  
0000021d  P2IFG                                  
00000201  P2IN                                   
0000021e  P2IV                                   
0000021f  P2IV_H                                 
0000021e  P2IV_L                                 
00000203  P2OUT                                  
00000207  P2REN                                  
0000020b  P2SEL0                                 
0000020d  P2SEL1                                 
00000217  P2SELC                                 
00000224  P3DIR                                  
0000023a  P3IE                                   
00000238  P3IES                                  
0000023c  P3IFG                                  
00000220  P3IN                                   
00000222  P3OUT                                  
00000226  P3REN                                  
0000022a  P3SEL0                                 
0000022c  P3SEL1                                 
00000236  P3SELC                                 
00000225  P4DIR                                  
0000023b  P4IE                                   
00000239  P4IES                                  
0000023d  P4IFG                                  
00000221  P4IN                                   
00000223  P4OUT                                  
00000227  P4REN                                  
0000022b  P4SEL0                                 
0000022d  P4SEL1                                 
00000237  P4SELC                                 
00000244  P5DIR                                  
0000025a  P5IE                                   
00000258  P5IES                                  
0000025c  P5IFG                                  
00000240  P5IN                                   
00000242  P5OUT                                  
00000246  P5REN                                  
0000024a  P5SEL0                                 
0000024c  P5SEL1                                 
00000256  P5SELC                                 
00000245  P6DIR                                  
0000025b  P6IE                                   
00000259  P6IES                                  
0000025d  P6IFG                                  
00000241  P6IN                                   
00000243  P6OUT                                  
00000247  P6REN                                  
0000024b  P6SEL0                                 
0000024d  P6SEL1                                 
00000257  P6SELC                                 
00000264  P7DIR                                  
0000027a  P7IE                                   
00000278  P7IES                                  
0000027c  P7IFG                                  
00000260  P7IN                                   
00000262  P7OUT                                  
00000266  P7REN                                  
0000026a  P7SEL0                                 
0000026c  P7SEL1                                 
00000276  P7SELC                                 
00000265  P8DIR                                  
0000027b  P8IE                                   
00000279  P8IES                                  
0000027d  P8IFG                                  
00000261  P8IN                                   
00000263  P8OUT                                  
00000267  P8REN                                  
0000026b  P8SEL0                                 
0000026d  P8SEL1                                 
00000277  P8SELC                                 
00000284  P9DIR                                  
0000029a  P9IE                                   
00000298  P9IES                                  
0000029c  P9IFG                                  
00000280  P9IN                                   
00000282  P9OUT                                  
00000286  P9REN                                  
0000028a  P9SEL0                                 
0000028c  P9SEL1                                 
00000296  P9SELC                                 
00000204  PADIR                                  
00000205  PADIR_H                                
00000204  PADIR_L                                
0000021a  PAIE                                   
00000218  PAIES                                  
00000219  PAIES_H                                
00000218  PAIES_L                                
0000021b  PAIE_H                                 
0000021a  PAIE_L                                 
0000021c  PAIFG                                  
0000021d  PAIFG_H                                
0000021c  PAIFG_L                                
00000200  PAIN                                   
00000201  PAIN_H                                 
00000200  PAIN_L                                 
00000202  PAOUT                                  
00000203  PAOUT_H                                
00000202  PAOUT_L                                
00000206  PAREN                                  
00000207  PAREN_H                                
00000206  PAREN_L                                
0000020a  PASEL0                                 
0000020b  PASEL0_H                               
0000020a  PASEL0_L                               
0000020c  PASEL1                                 
0000020d  PASEL1_H                               
0000020c  PASEL1_L                               
00000216  PASELC                                 
00000217  PASELC_H                               
00000216  PASELC_L                               
00000224  PBDIR                                  
00000225  PBDIR_H                                
00000224  PBDIR_L                                
0000023a  PBIE                                   
00000238  PBIES                                  
00000239  PBIES_H                                
00000238  PBIES_L                                
0000023b  PBIE_H                                 
0000023a  PBIE_L                                 
0000023c  PBIFG                                  
0000023d  PBIFG_H                                
0000023c  PBIFG_L                                
00000220  PBIN                                   
00000221  PBIN_H                                 
00000220  PBIN_L                                 
00000222  PBOUT                                  
00000223  PBOUT_H                                
00000222  PBOUT_L                                
00000226  PBREN                                  
00000227  PBREN_H                                
00000226  PBREN_L                                
0000022a  PBSEL0                                 
0000022b  PBSEL0_H                               
0000022a  PBSEL0_L                               
0000022c  PBSEL1                                 
0000022d  PBSEL1_H                               
0000022c  PBSEL1_L                               
00000236  PBSELC                                 
00000237  PBSELC_H                               
00000236  PBSELC_L                               
00000244  PCDIR                                  
00000245  PCDIR_H                                
00000244  PCDIR_L                                
0000025a  PCIE                                   
00000258  PCIES                                  
00000259  PCIES_H                                
00000258  PCIES_L                                
0000025b  PCIE_H                                 
0000025a  PCIE_L                                 
0000025c  PCIFG                                  
0000025d  PCIFG_H                                
0000025c  PCIFG_L                                
00000240  PCIN                                   
00000241  PCIN_H                                 
00000240  PCIN_L                                 
00000242  PCOUT                                  
00000243  PCOUT_H                                
00000242  PCOUT_L                                
00000246  PCREN                                  
00000247  PCREN_H                                
00000246  PCREN_L                                
0000024a  PCSEL0                                 
0000024b  PCSEL0_H                               
0000024a  PCSEL0_L                               
0000024c  PCSEL1                                 
0000024d  PCSEL1_H                               
0000024c  PCSEL1_L                               
00000256  PCSELC                                 
00000257  PCSELC_H                               
00000256  PCSELC_L                               
00000264  PDDIR                                  
00000265  PDDIR_H                                
00000264  PDDIR_L                                
0000027a  PDIE                                   
00000278  PDIES                                  
00000279  PDIES_H                                
00000278  PDIES_L                                
0000027b  PDIE_H                                 
0000027a  PDIE_L                                 
0000027c  PDIFG                                  
0000027d  PDIFG_H                                
0000027c  PDIFG_L                                
00000260  PDIN                                   
00000261  PDIN_H                                 
00000260  PDIN_L                                 
00000262  PDOUT                                  
00000263  PDOUT_H                                
00000262  PDOUT_L                                
00000266  PDREN                                  
00000267  PDREN_H                                
00000266  PDREN_L                                
0000026a  PDSEL0                                 
0000026b  PDSEL0_H                               
0000026a  PDSEL0_L                               
0000026c  PDSEL1                                 
0000026d  PDSEL1_H                               
0000026c  PDSEL1_L                               
00000276  PDSELC                                 
00000277  PDSELC_H                               
00000276  PDSELC_L                               
00000284  PEDIR                                  
00000285  PEDIR_H                                
00000284  PEDIR_L                                
0000029a  PEIE                                   
00000298  PEIES                                  
00000299  PEIES_H                                
00000298  PEIES_L                                
0000029b  PEIE_H                                 
0000029a  PEIE_L                                 
0000029c  PEIFG                                  
0000029d  PEIFG_H                                
0000029c  PEIFG_L                                
00000280  PEIN                                   
00000281  PEIN_H                                 
00000280  PEIN_L                                 
00000282  PEOUT                                  
00000283  PEOUT_H                                
00000282  PEOUT_L                                
00000286  PEREN                                  
00000287  PEREN_H                                
00000286  PEREN_L                                
00002001  PERIOD_COUNT                           
0000028a  PESEL0                                 
0000028b  PESEL0_H                               
0000028a  PESEL0_L                               
0000028c  PESEL1                                 
0000028d  PESEL1_H                               
0000028c  PESEL1_L                               
00000296  PESELC                                 
00000297  PESELC_H                               
00000296  PESELC_L                               
00000324  PJDIR                                  
00000325  PJDIR_H                                
00000324  PJDIR_L                                
00000320  PJIN                                   
00000321  PJIN_H                                 
00000320  PJIN_L                                 
00000322  PJOUT                                  
00000323  PJOUT_H                                
00000322  PJOUT_L                                
00000326  PJREN                                  
00000327  PJREN_H                                
00000326  PJREN_L                                
0000032a  PJSEL0                                 
0000032b  PJSEL0_H                               
0000032a  PJSEL0_L                               
0000032c  PJSEL1                                 
0000032d  PJSEL1_H                               
0000032c  PJSEL1_L                               
00000336  PJSELC                                 
00000337  PJSELC_H                               
00000336  PJSELC_L                               
00000130  PM5CTL0                                
00000131  PM5CTL0_H                              
00000130  PM5CTL0_L                              
00000120  PMMCTL0                                
00000121  PMMCTL0_H                              
00000120  PMMCTL0_L                              
00000124  PMMCTL2                                
00000125  PMMCTL2_H                              
00000124  PMMCTL2_L                              
0000012a  PMMIFG                                 
0000012b  PMMIFG_H                               
0000012a  PMMIFG_L                               
0000ea9c  Port_1                                 
000004e4  RES0                                   
000004e5  RES0_H                                 
000004e4  RES0_L                                 
000004e6  RES1                                   
000004e7  RES1_H                                 
000004e6  RES1_L                                 
000004e8  RES2                                   
000004e9  RES2_H                                 
000004e8  RES2_L                                 
000004ea  RES3                                   
000004eb  RES3_H                                 
000004ea  RES3_L                                 
000004cc  RESHI                                  
000004cd  RESHI_H                                
000004cc  RESHI_L                                
000004ca  RESLO                                  
000004cb  RESLO_H                                
000004ca  RESLO_L                                
0000030c  RTCCNT                                 
0000030d  RTCCNT_H                               
0000030c  RTCCNT_L                               
00000300  RTCCTL                                 
00000301  RTCCTL_H                               
00000300  RTCCTL_L                               
00000304  RTCIV                                  
00000305  RTCIV_H                                
00000304  RTCIV_L                                
00000308  RTCMOD                                 
00000309  RTCMOD_H                               
00000308  RTCMOD_L                               
0000edb8  RTC_ISR                                
0000ea3e  RTC_enableInterrupt                    
0000e9f0  RTC_init                               
0000ea84  RTC_setModulo                          
0000ea02  RTC_start                              
0000ea58  RTC_stop                               
00002012  RXData                                 
00000100  SFRIE1                                 
00000101  SFRIE1_H                               
00000100  SFRIE1_L                               
00000102  SFRIFG1                                
00000103  SFRIFG1_H                              
00000102  SFRIFG1_L                              
00000104  SFRRPCR                                
00000105  SFRRPCR_H                              
00000104  SFRRPCR_L                              
00002000  ST_SP_FLAG                             
000004ce  SUMEXT                                 
000004cf  SUMEXT_H                               
000004ce  SUMEXT_L                               
00000142  SYSBSLC                                
00000143  SYSBSLC_H                              
00000142  SYSBSLC_L                              
00000160  SYSCFG0                                
00000161  SYSCFG0_H                              
00000160  SYSCFG0_L                              
00000162  SYSCFG1                                
00000163  SYSCFG1_H                              
00000162  SYSCFG1_L                              
00000164  SYSCFG2                                
00000165  SYSCFG2_H                              
00000164  SYSCFG2_L                              
00000166  SYSCFG3                                
00000167  SYSCFG3_H                              
00000166  SYSCFG3_L                              
00000140  SYSCTL                                 
00000141  SYSCTL_H                               
00000140  SYSCTL_L                               
00000146  SYSJMBC                                
00000147  SYSJMBC_H                              
00000146  SYSJMBC_L                              
00000148  SYSJMBI0                               
00000149  SYSJMBI0_H                             
00000148  SYSJMBI0_L                             
0000014a  SYSJMBI1                               
0000014b  SYSJMBI1_H                             
0000014a  SYSJMBI1_L                             
0000014c  SYSJMBO0                               
0000014d  SYSJMBO0_H                             
0000014c  SYSJMBO0_L                             
0000014e  SYSJMBO1                               
0000014f  SYSJMBO1_H                             
0000014e  SYSJMBO1_L                             
0000015e  SYSRSTIV                               
0000015f  SYSRSTIV_H                             
0000015e  SYSRSTIV_L                             
0000015c  SYSSNIV                                
0000015d  SYSSNIV_H                              
0000015c  SYSSNIV_L                              
0000015a  SYSUNIV                                
0000015b  SYSUNIV_H                              
0000015a  SYSUNIV_L                              
0000ea60  Sensor_disableInterrupt                
0000ea68  Sensor_enableInterrupt                 
0000ea8a  Switch_enableInterrupt                 
00000392  TA0CCR0                                
00000393  TA0CCR0_H                              
00000392  TA0CCR0_L                              
00000394  TA0CCR1                                
00000395  TA0CCR1_H                              
00000394  TA0CCR1_L                              
00000396  TA0CCR2                                
00000397  TA0CCR2_H                              
00000396  TA0CCR2_L                              
00000398  TA0CCR3                                
00000399  TA0CCR3_H                              
00000398  TA0CCR3_L                              
0000039a  TA0CCR4                                
0000039b  TA0CCR4_H                              
0000039a  TA0CCR4_L                              
0000039c  TA0CCR5                                
0000039d  TA0CCR5_H                              
0000039c  TA0CCR5_L                              
0000039e  TA0CCR6                                
0000039f  TA0CCR6_H                              
0000039e  TA0CCR6_L                              
00000382  TA0CCTL0                               
00000383  TA0CCTL0_H                             
00000382  TA0CCTL0_L                             
00000384  TA0CCTL1                               
00000385  TA0CCTL1_H                             
00000384  TA0CCTL1_L                             
00000386  TA0CCTL2                               
00000387  TA0CCTL2_H                             
00000386  TA0CCTL2_L                             
00000388  TA0CCTL3                               
00000389  TA0CCTL3_H                             
00000388  TA0CCTL3_L                             
0000038a  TA0CCTL4                               
0000038b  TA0CCTL4_H                             
0000038a  TA0CCTL4_L                             
0000038c  TA0CCTL5                               
0000038d  TA0CCTL5_H                             
0000038c  TA0CCTL5_L                             
0000038e  TA0CCTL6                               
0000038f  TA0CCTL6_H                             
0000038e  TA0CCTL6_L                             
00000380  TA0CTL                                 
00000381  TA0CTL_H                               
00000380  TA0CTL_L                               
000003a0  TA0EX0                                 
000003a1  TA0EX0_H                               
000003a0  TA0EX0_L                               
000003ae  TA0IV                                  
000003af  TA0IV_H                                
000003ae  TA0IV_L                                
00000390  TA0R                                   
00000391  TA0R_H                                 
00000390  TA0R_L                                 
000003d2  TA1CCR0                                
000003d3  TA1CCR0_H                              
000003d2  TA1CCR0_L                              
000003d4  TA1CCR1                                
000003d5  TA1CCR1_H                              
000003d4  TA1CCR1_L                              
000003d6  TA1CCR2                                
000003d7  TA1CCR2_H                              
000003d6  TA1CCR2_L                              
000003d8  TA1CCR3                                
000003d9  TA1CCR3_H                              
000003d8  TA1CCR3_L                              
000003da  TA1CCR4                                
000003db  TA1CCR4_H                              
000003da  TA1CCR4_L                              
000003dc  TA1CCR5                                
000003dd  TA1CCR5_H                              
000003dc  TA1CCR5_L                              
000003de  TA1CCR6                                
000003df  TA1CCR6_H                              
000003de  TA1CCR6_L                              
000003c2  TA1CCTL0                               
000003c3  TA1CCTL0_H                             
000003c2  TA1CCTL0_L                             
000003c4  TA1CCTL1                               
000003c5  TA1CCTL1_H                             
000003c4  TA1CCTL1_L                             
000003c6  TA1CCTL2                               
000003c7  TA1CCTL2_H                             
000003c6  TA1CCTL2_L                             
000003c8  TA1CCTL3                               
000003c9  TA1CCTL3_H                             
000003c8  TA1CCTL3_L                             
000003ca  TA1CCTL4                               
000003cb  TA1CCTL4_H                             
000003ca  TA1CCTL4_L                             
000003cc  TA1CCTL5                               
000003cd  TA1CCTL5_H                             
000003cc  TA1CCTL5_L                             
000003ce  TA1CCTL6                               
000003cf  TA1CCTL6_H                             
000003ce  TA1CCTL6_L                             
000003c0  TA1CTL                                 
000003c1  TA1CTL_H                               
000003c0  TA1CTL_L                               
000003e0  TA1EX0                                 
000003e1  TA1EX0_H                               
000003e0  TA1EX0_L                               
000003ee  TA1IV                                  
000003ef  TA1IV_H                                
000003ee  TA1IV_L                                
000003d0  TA1R                                   
000003d1  TA1R_H                                 
000003d0  TA1R_L                                 
0000e9c4  TIMA0_init                             
0000ea70  TIMA0_stop                             
00002003  TIME_UP                                
0000ecc8  Timer_A                                
00000510  UCA0ABCTL                              
00000511  UCA0ABCTL_H                            
00000510  UCA0ABCTL_L                            
00000506  UCA0BRW                                
00000507  UCA0BRW_H                              
00000506  UCA0BRW_L                              
00000500  UCA0CTLW0                              
00000501  UCA0CTLW0_H                            
00000500  UCA0CTLW0_L                            
00000502  UCA0CTLW1                              
00000503  UCA0CTLW1_H                            
00000502  UCA0CTLW1_L                            
0000051a  UCA0IE                                 
0000051b  UCA0IE_H                               
0000051a  UCA0IE_L                               
0000051c  UCA0IFG                                
0000051d  UCA0IFG_H                              
0000051c  UCA0IFG_L                              
00000512  UCA0IRCTL                              
00000513  UCA0IRCTL_H                            
00000512  UCA0IRCTL_L                            
0000051e  UCA0IV                                 
0000051f  UCA0IV_H                               
0000051e  UCA0IV_L                               
00000508  UCA0MCTLW                              
00000509  UCA0MCTLW_H                            
00000508  UCA0MCTLW_L                            
0000050c  UCA0RXBUF                              
0000050d  UCA0RXBUF_H                            
0000050c  UCA0RXBUF_L                            
0000050a  UCA0STATW                              
0000050b  UCA0STATW_H                            
0000050a  UCA0STATW_L                            
0000050e  UCA0TXBUF                              
0000050f  UCA0TXBUF_H                            
0000050e  UCA0TXBUF_L                            
0000055e  UCB0ADDMASK                            
0000055f  UCB0ADDMASK_H                          
0000055e  UCB0ADDMASK_L                          
0000055c  UCB0ADDRX                              
0000055d  UCB0ADDRX_H                            
0000055c  UCB0ADDRX_L                            
00000546  UCB0BRW                                
00000547  UCB0BRW_H                              
00000546  UCB0BRW_L                              
00000540  UCB0CTLW0                              
00000541  UCB0CTLW0_H                            
00000540  UCB0CTLW0_L                            
00000542  UCB0CTLW1                              
00000543  UCB0CTLW1_H                            
00000542  UCB0CTLW1_L                            
00000554  UCB0I2COA0                             
00000555  UCB0I2COA0_H                           
00000554  UCB0I2COA0_L                           
00000556  UCB0I2COA1                             
00000557  UCB0I2COA1_H                           
00000556  UCB0I2COA1_L                           
00000558  UCB0I2COA2                             
00000559  UCB0I2COA2_H                           
00000558  UCB0I2COA2_L                           
0000055a  UCB0I2COA3                             
0000055b  UCB0I2COA3_H                           
0000055a  UCB0I2COA3_L                           
00000560  UCB0I2CSA                              
00000561  UCB0I2CSA_H                            
00000560  UCB0I2CSA_L                            
0000056a  UCB0IE                                 
0000056b  UCB0IE_H                               
0000056a  UCB0IE_L                               
0000056c  UCB0IFG                                
0000056d  UCB0IFG_H                              
0000056c  UCB0IFG_L                              
0000056e  UCB0IV                                 
0000056f  UCB0IV_H                               
0000056e  UCB0IV_L                               
0000054c  UCB0RXBUF                              
0000054d  UCB0RXBUF_H                            
0000054c  UCB0RXBUF_L                            
00000548  UCB0STATW                              
00000549  UCB0STATW_H                            
00000548  UCB0STATW_L                            
0000054a  UCB0TBCNT                              
0000054b  UCB0TBCNT_H                            
0000054a  UCB0TBCNT_L                            
0000054e  UCB0TXBUF                              
0000054f  UCB0TXBUF_H                            
0000054e  UCB0TXBUF_L                            
000001cc  WDTCTL                                 
000001cd  WDTCTL_H                               
000001cc  WDTCTL_L                               
00002800  __STACK_END                            
000000a0  __STACK_SIZE                           
0000e31a  __TI_CINIT_Base                        
0000e32a  __TI_CINIT_Limit                       
0000e300  __TI_Handler_Table_Base                
0000e30c  __TI_Handler_Table_Limit               
0000ee02  __TI_ISR_TRAP                          
0000e78c  __TI_auto_init_nobinit_nopinit_hold_wdt
0000e5c6  __TI_decompress_lzss                   
0000e8c0  __TI_decompress_none                   
0000ffe4  __TI_int46                             
0000ffe6  __TI_int47                             
0000ffe8  __TI_int48                             
0000ffea  __TI_int49                             
0000ffec  __TI_int50                             
0000ffee  __TI_int51                             
0000fff0  __TI_int52                             
0000fff2  __TI_int53                             
0000fff4  __TI_int54                             
0000fff6  __TI_int55                             
0000fff8  __TI_int56                             
0000fffa  __TI_int57                             
0000fffc  __TI_int58                             
ffffffff  __TI_pprof_out_hndl                    
ffffffff  __TI_prof_data_size                    
ffffffff  __TI_prof_data_start                   
0000e882  __TI_zero_init_nomemset                
ffffffff  __c_args__                             
0000e842  __memcpy_far                           
0000ede6  _c_int00_noargs                        
0000fffe  _reset_vector                          
00002760  _stack                                 
0000ea9a  _system_post_cinit                     
0000ea96  _system_pre_init                       
0000ea90  abort                                  
00002004  count                                  
0000200e  data_flag                              
0000200a  i_count                                
0000e8fc  initClockTo1MHz                        
00002009  long_count                             
00002008  long_press                             
0000e32a  main                                   
0000200b  shut_down                              
00002006  single_click                           
00002007  single_count                           
0000200c  very_long_count                        
0000200d  very_long_press                        


GLOBAL SYMBOLS: SORTED BY Symbol Address 

address   name                                   
-------   ----                                   
000000a0  __STACK_SIZE                           
00000100  SFRIE1                                 
00000100  SFRIE1_L                               
00000101  SFRIE1_H                               
00000102  SFRIFG1                                
00000102  SFRIFG1_L                              
00000103  SFRIFG1_H                              
00000104  SFRRPCR                                
00000104  SFRRPCR_L                              
00000105  SFRRPCR_H                              
00000120  PMMCTL0                                
00000120  PMMCTL0_L                              
00000121  PMMCTL0_H                              
00000124  PMMCTL2                                
00000124  PMMCTL2_L                              
00000125  PMMCTL2_H                              
0000012a  PMMIFG                                 
0000012a  PMMIFG_L                               
0000012b  PMMIFG_H                               
00000130  PM5CTL0                                
00000130  PM5CTL0_L                              
00000131  PM5CTL0_H                              
00000140  SYSCTL                                 
00000140  SYSCTL_L                               
00000141  SYSCTL_H                               
00000142  SYSBSLC                                
00000142  SYSBSLC_L                              
00000143  SYSBSLC_H                              
00000146  SYSJMBC                                
00000146  SYSJMBC_L                              
00000147  SYSJMBC_H                              
00000148  SYSJMBI0                               
00000148  SYSJMBI0_L                             
00000149  SYSJMBI0_H                             
0000014a  SYSJMBI1                               
0000014a  SYSJMBI1_L                             
0000014b  SYSJMBI1_H                             
0000014c  SYSJMBO0                               
0000014c  SYSJMBO0_L                             
0000014d  SYSJMBO0_H                             
0000014e  SYSJMBO1                               
0000014e  SYSJMBO1_L                             
0000014f  SYSJMBO1_H                             
0000015a  SYSUNIV                                
0000015a  SYSUNIV_L                              
0000015b  SYSUNIV_H                              
0000015c  SYSSNIV                                
0000015c  SYSSNIV_L                              
0000015d  SYSSNIV_H                              
0000015e  SYSRSTIV                               
0000015e  SYSRSTIV_L                             
0000015f  SYSRSTIV_H                             
00000160  SYSCFG0                                
00000160  SYSCFG0_L                              
00000161  SYSCFG0_H                              
00000162  SYSCFG1                                
00000162  SYSCFG1_L                              
00000163  SYSCFG1_H                              
00000164  SYSCFG2                                
00000164  SYSCFG2_L                              
00000165  SYSCFG2_H                              
00000166  SYSCFG3                                
00000166  SYSCFG3_L                              
00000167  SYSCFG3_H                              
00000180  CSCTL0                                 
00000180  CSCTL0_L                               
00000181  CSCTL0_H                               
00000182  CSCTL1                                 
00000182  CSCTL1_L                               
00000183  CSCTL1_H                               
00000184  CSCTL2                                 
00000184  CSCTL2_L                               
00000185  CSCTL2_H                               
00000186  CSCTL3                                 
00000186  CSCTL3_L                               
00000187  CSCTL3_H                               
00000188  CSCTL4                                 
00000188  CSCTL4_L                               
00000189  CSCTL4_H                               
0000018a  CSCTL5                                 
0000018a  CSCTL5_L                               
0000018b  CSCTL5_H                               
0000018c  CSCTL6                                 
0000018c  CSCTL6_L                               
0000018d  CSCTL6_H                               
0000018e  CSCTL7                                 
0000018e  CSCTL7_L                               
0000018f  CSCTL7_H                               
00000190  CSCTL8                                 
00000190  CSCTL8_L                               
00000191  CSCTL8_H                               
000001a0  FRCTL0                                 
000001a0  FRCTL0_L                               
000001a1  FRCTL0_H                               
000001a4  GCCTL0                                 
000001a4  GCCTL0_L                               
000001a5  GCCTL0_H                               
000001a6  GCCTL1                                 
000001a6  GCCTL1_L                               
000001a7  GCCTL1_H                               
000001c0  CRCDI                                  
000001c0  CRCDI_L                                
000001c1  CRCDI_H                                
000001c2  CRCDIRB                                
000001c2  CRCDIRB_L                              
000001c3  CRCDIRB_H                              
000001c4  CRCINIRES                              
000001c4  CRCINIRES_L                            
000001c5  CRCINIRES_H                            
000001c6  CRCRESR                                
000001c6  CRCRESR_L                              
000001c7  CRCRESR_H                              
000001cc  WDTCTL                                 
000001cc  WDTCTL_L                               
000001cd  WDTCTL_H                               
00000200  P1IN                                   
00000200  PAIN                                   
00000200  PAIN_L                                 
00000201  P2IN                                   
00000201  PAIN_H                                 
00000202  P1OUT                                  
00000202  PAOUT                                  
00000202  PAOUT_L                                
00000203  P2OUT                                  
00000203  PAOUT_H                                
00000204  P1DIR                                  
00000204  PADIR                                  
00000204  PADIR_L                                
00000205  P2DIR                                  
00000205  PADIR_H                                
00000206  P1REN                                  
00000206  PAREN                                  
00000206  PAREN_L                                
00000207  P2REN                                  
00000207  PAREN_H                                
0000020a  P1SEL0                                 
0000020a  PASEL0                                 
0000020a  PASEL0_L                               
0000020b  P2SEL0                                 
0000020b  PASEL0_H                               
0000020c  P1SEL1                                 
0000020c  PASEL1                                 
0000020c  PASEL1_L                               
0000020d  P2SEL1                                 
0000020d  PASEL1_H                               
0000020e  P1IV                                   
0000020e  P1IV_L                                 
0000020f  P1IV_H                                 
00000216  P1SELC                                 
00000216  PASELC                                 
00000216  PASELC_L                               
00000217  P2SELC                                 
00000217  PASELC_H                               
00000218  P1IES                                  
00000218  PAIES                                  
00000218  PAIES_L                                
00000219  P2IES                                  
00000219  PAIES_H                                
0000021a  P1IE                                   
0000021a  PAIE                                   
0000021a  PAIE_L                                 
0000021b  P2IE                                   
0000021b  PAIE_H                                 
0000021c  P1IFG                                  
0000021c  PAIFG                                  
0000021c  PAIFG_L                                
0000021d  P2IFG                                  
0000021d  PAIFG_H                                
0000021e  P2IV                                   
0000021e  P2IV_L                                 
0000021f  P2IV_H                                 
00000220  P3IN                                   
00000220  PBIN                                   
00000220  PBIN_L                                 
00000221  P4IN                                   
00000221  PBIN_H                                 
00000222  P3OUT                                  
00000222  PBOUT                                  
00000222  PBOUT_L                                
00000223  P4OUT                                  
00000223  PBOUT_H                                
00000224  P3DIR                                  
00000224  PBDIR                                  
00000224  PBDIR_L                                
00000225  P4DIR                                  
00000225  PBDIR_H                                
00000226  P3REN                                  
00000226  PBREN                                  
00000226  PBREN_L                                
00000227  P4REN                                  
00000227  PBREN_H                                
0000022a  P3SEL0                                 
0000022a  PBSEL0                                 
0000022a  PBSEL0_L                               
0000022b  P4SEL0                                 
0000022b  PBSEL0_H                               
0000022c  P3SEL1                                 
0000022c  PBSEL1                                 
0000022c  PBSEL1_L                               
0000022d  P4SEL1                                 
0000022d  PBSEL1_H                               
00000236  P3SELC                                 
00000236  PBSELC                                 
00000236  PBSELC_L                               
00000237  P4SELC                                 
00000237  PBSELC_H                               
00000238  P3IES                                  
00000238  PBIES                                  
00000238  PBIES_L                                
00000239  P4IES                                  
00000239  PBIES_H                                
0000023a  P3IE                                   
0000023a  PBIE                                   
0000023a  PBIE_L                                 
0000023b  P4IE                                   
0000023b  PBIE_H                                 
0000023c  P3IFG                                  
0000023c  PBIFG                                  
0000023c  PBIFG_L                                
0000023d  P4IFG                                  
0000023d  PBIFG_H                                
00000240  P5IN                                   
00000240  PCIN                                   
00000240  PCIN_L                                 
00000241  P6IN                                   
00000241  PCIN_H                                 
00000242  P5OUT                                  
00000242  PCOUT                                  
00000242  PCOUT_L                                
00000243  P6OUT                                  
00000243  PCOUT_H                                
00000244  P5DIR                                  
00000244  PCDIR                                  
00000244  PCDIR_L                                
00000245  P6DIR                                  
00000245  PCDIR_H                                
00000246  P5REN                                  
00000246  PCREN                                  
00000246  PCREN_L                                
00000247  P6REN                                  
00000247  PCREN_H                                
0000024a  P5SEL0                                 
0000024a  PCSEL0                                 
0000024a  PCSEL0_L                               
0000024b  P6SEL0                                 
0000024b  PCSEL0_H                               
0000024c  P5SEL1                                 
0000024c  PCSEL1                                 
0000024c  PCSEL1_L                               
0000024d  P6SEL1                                 
0000024d  PCSEL1_H                               
00000256  P5SELC                                 
00000256  PCSELC                                 
00000256  PCSELC_L                               
00000257  P6SELC                                 
00000257  PCSELC_H                               
00000258  P5IES                                  
00000258  PCIES                                  
00000258  PCIES_L                                
00000259  P6IES                                  
00000259  PCIES_H                                
0000025a  P5IE                                   
0000025a  PCIE                                   
0000025a  PCIE_L                                 
0000025b  P6IE                                   
0000025b  PCIE_H                                 
0000025c  P5IFG                                  
0000025c  PCIFG                                  
0000025c  PCIFG_L                                
0000025d  P6IFG                                  
0000025d  PCIFG_H                                
00000260  P7IN                                   
00000260  PDIN                                   
00000260  PDIN_L                                 
00000261  P8IN                                   
00000261  PDIN_H                                 
00000262  P7OUT                                  
00000262  PDOUT                                  
00000262  PDOUT_L                                
00000263  P8OUT                                  
00000263  PDOUT_H                                
00000264  P7DIR                                  
00000264  PDDIR                                  
00000264  PDDIR_L                                
00000265  P8DIR                                  
00000265  PDDIR_H                                
00000266  P7REN                                  
00000266  PDREN                                  
00000266  PDREN_L                                
00000267  P8REN                                  
00000267  PDREN_H                                
0000026a  P7SEL0                                 
0000026a  PDSEL0                                 
0000026a  PDSEL0_L                               
0000026b  P8SEL0                                 
0000026b  PDSEL0_H                               
0000026c  P7SEL1                                 
0000026c  PDSEL1                                 
0000026c  PDSEL1_L                               
0000026d  P8SEL1                                 
0000026d  PDSEL1_H                               
00000276  P7SELC                                 
00000276  PDSELC                                 
00000276  PDSELC_L                               
00000277  P8SELC                                 
00000277  PDSELC_H                               
00000278  P7IES                                  
00000278  PDIES                                  
00000278  PDIES_L                                
00000279  P8IES                                  
00000279  PDIES_H                                
0000027a  P7IE                                   
0000027a  PDIE                                   
0000027a  PDIE_L                                 
0000027b  P8IE                                   
0000027b  PDIE_H                                 
0000027c  P7IFG                                  
0000027c  PDIFG                                  
0000027c  PDIFG_L                                
0000027d  P8IFG                                  
0000027d  PDIFG_H                                
00000280  P9IN                                   
00000280  PEIN                                   
00000280  PEIN_L                                 
00000281  P10IN                                  
00000281  PEIN_H                                 
00000282  P9OUT                                  
00000282  PEOUT                                  
00000282  PEOUT_L                                
00000283  P10OUT                                 
00000283  PEOUT_H                                
00000284  P9DIR                                  
00000284  PEDIR                                  
00000284  PEDIR_L                                
00000285  P10DIR                                 
00000285  PEDIR_H                                
00000286  P9REN                                  
00000286  PEREN                                  
00000286  PEREN_L                                
00000287  P10REN                                 
00000287  PEREN_H                                
0000028a  P9SEL0                                 
0000028a  PESEL0                                 
0000028a  PESEL0_L                               
0000028b  P10SEL0                                
0000028b  PESEL0_H                               
0000028c  P9SEL1                                 
0000028c  PESEL1                                 
0000028c  PESEL1_L                               
0000028d  P10SEL1                                
0000028d  PESEL1_H                               
00000296  P9SELC                                 
00000296  PESELC                                 
00000296  PESELC_L                               
00000297  P10SELC                                
00000297  PESELC_H                               
00000298  P9IES                                  
00000298  PEIES                                  
00000298  PEIES_L                                
00000299  P10IES                                 
00000299  PEIES_H                                
0000029a  P9IE                                   
0000029a  PEIE                                   
0000029a  PEIE_L                                 
0000029b  P10IE                                  
0000029b  PEIE_H                                 
0000029c  P9IFG                                  
0000029c  PEIFG                                  
0000029c  PEIFG_L                                
0000029d  P10IFG                                 
0000029d  PEIFG_H                                
00000300  RTCCTL                                 
00000300  RTCCTL_L                               
00000301  RTCCTL_H                               
00000304  RTCIV                                  
00000304  RTCIV_L                                
00000305  RTCIV_H                                
00000308  RTCMOD                                 
00000308  RTCMOD_L                               
00000309  RTCMOD_H                               
0000030c  RTCCNT                                 
0000030c  RTCCNT_L                               
0000030d  RTCCNT_H                               
00000320  PJIN                                   
00000320  PJIN_L                                 
00000321  PJIN_H                                 
00000322  PJOUT                                  
00000322  PJOUT_L                                
00000323  PJOUT_H                                
00000324  PJDIR                                  
00000324  PJDIR_L                                
00000325  PJDIR_H                                
00000326  PJREN                                  
00000326  PJREN_L                                
00000327  PJREN_H                                
0000032a  PJSEL0                                 
0000032a  PJSEL0_L                               
0000032b  PJSEL0_H                               
0000032c  PJSEL1                                 
0000032c  PJSEL1_L                               
0000032d  PJSEL1_H                               
00000336  PJSELC                                 
00000336  PJSELC_L                               
00000337  PJSELC_H                               
00000380  TA0CTL                                 
00000380  TA0CTL_L                               
00000381  TA0CTL_H                               
00000382  TA0CCTL0                               
00000382  TA0CCTL0_L                             
00000383  TA0CCTL0_H                             
00000384  TA0CCTL1                               
00000384  TA0CCTL1_L                             
00000385  TA0CCTL1_H                             
00000386  TA0CCTL2                               
00000386  TA0CCTL2_L                             
00000387  TA0CCTL2_H                             
00000388  TA0CCTL3                               
00000388  TA0CCTL3_L                             
00000389  TA0CCTL3_H                             
0000038a  TA0CCTL4                               
0000038a  TA0CCTL4_L                             
0000038b  TA0CCTL4_H                             
0000038c  TA0CCTL5                               
0000038c  TA0CCTL5_L                             
0000038d  TA0CCTL5_H                             
0000038e  TA0CCTL6                               
0000038e  TA0CCTL6_L                             
[...]
00000395  TA0CCR1_H                              
00000396  TA0CCR2                                
00000396  TA0CCR2_L                              
00000397  TA0CCR2_H                              
00000398  TA0CCR3                                
00000398  TA0CCR3_L                              
00000399  TA0CCR3_H                              
0000039a  TA0CCR4                                
0000039a  TA0CCR4_L                              
0000039b  TA0CCR4_H                              
0000039c  TA0CCR5                                
0000039c  TA0CCR5_L                              
0000039d  TA0CCR5_H                              
0000039e  TA0CCR6                                
0000039e  TA0CCR6_L                              
0000039f  TA0CCR6_H                              
000003a0  TA0EX0                                 
000003a0  TA0EX0_L                               
000003a1  TA0EX0_H                               
000003ae  TA0IV                                  
000003ae  TA0IV_L                                
000003af  TA0IV_H                                
000003c0  TA1CTL                                 
000003c0  TA1CTL_L                               
000003c1  TA1CTL_H                               
000003c2  TA1CCTL0                               
000003c2  TA1CCTL0_L                             
000003c3  TA1CCTL0_H                             
000003c4  TA1CCTL1                               
000003c4  TA1CCTL1_L                             
000003c5  TA1CCTL1_H                             
000003c6  TA1CCTL2                               
000003c6  TA1CCTL2_L                             
000003c7  TA1CCTL2_H                             
000003c8  TA1CCTL3                               
000003c8  TA1CCTL3_L                             
000003c9  TA1CCTL3_H                             
000003ca  TA1CCTL4                               
000003ca  TA1CCTL4_L                             
000003cb  TA1CCTL4_H                             
000003cc  TA1CCTL5                               
000003cc  TA1CCTL5_L                             
000003cd  TA1CCTL5_H                             
000003ce  TA1CCTL6                               
000003ce  TA1CCTL6_L                             
000003cf  TA1CCTL6_H                             
000003d0  TA1R                                   
000003d0  TA1R_L                                 
000003d1  TA1R_H                                 
000003d2  TA1CCR0                                
000003d2  TA1CCR0_L                              
000003d3  TA1CCR0_H                              
000003d4  TA1CCR1                                
000003d4  TA1CCR1_L                              
000003d5  TA1CCR1_H                              
000003d6  TA1CCR2                                
000003d6  TA1CCR2_L                              
000003d7  TA1CCR2_H                              
000003d8  TA1CCR3                                
000003d8  TA1CCR3_L                              
000003d9  TA1CCR3_H                              
000003da  TA1CCR4                                
000003da  TA1CCR4_L                              
000003db  TA1CCR4_H                              
000003dc  TA1CCR5                                
000003dc  TA1CCR5_L                              
000003dd  TA1CCR5_H                              
000003de  TA1CCR6                                
000003de  TA1CCR6_L                              
000003df  TA1CCR6_H                              
000003e0  TA1EX0                                 
000003e0  TA1EX0_L                               
000003e1  TA1EX0_H                               
000003ee  TA1IV                                  
000003ee  TA1IV_L                                
000003ef  TA1IV_H                                
000004c0  MPY                                    
000004c0  MPY_L                                  
000004c1  MPY_H                                  
000004c2  MPYS                                   
000004c2  MPYS_L                                 
000004c3  MPYS_H                                 
000004c4  MAC                                    
000004c4  MAC_L                                  
000004c5  MAC_H                                  
000004c6  MACS                                   
000004c6  MACS_L                                 
000004c7  MACS_H                                 
000004c8  OP2                                    
000004c8  OP2_L                                  
000004c9  OP2_H                                  
000004ca  RESLO                                  
000004ca  RESLO_L                                
000004cb  RESLO_H                                
000004cc  RESHI                                  
000004cc  RESHI_L                                
000004cd  RESHI_H                                
000004ce  SUMEXT                                 
000004ce  SUMEXT_L                               
000004cf  SUMEXT_H                               
000004d0  MPY32L                                 
000004d0  MPY32L_L                               
000004d1  MPY32L_H                               
000004d2  MPY32H                                 
000004d2  MPY32H_L                               
000004d3  MPY32H_H                               
000004d4  MPYS32L                                
000004d4  MPYS32L_L                              
000004d5  MPYS32L_H                              
000004d6  MPYS32H                                
000004d6  MPYS32H_L                              
000004d7  MPYS32H_H                              
000004d8  MAC32L                                 
000004d8  MAC32L_L                               
000004d9  MAC32L_H                               
000004da  MAC32H                                 
000004da  MAC32H_L                               
000004db  MAC32H_H                               
000004dc  MACS32L                                
000004dc  MACS32L_L                              
000004dd  MACS32L_H                              
000004de  MACS32H                                
000004de  MACS32H_L                              
000004df  MACS32H_H                              
000004e0  OP2L                                   
000004e0  OP2L_L                                 
000004e1  OP2L_H                                 
000004e2  OP2H                                   
000004e2  OP2H_L                                 
000004e3  OP2H_H                                 
000004e4  RES0                                   
000004e4  RES0_L                                 
000004e5  RES0_H                                 
000004e6  RES1                                   
000004e6  RES1_L                                 
000004e7  RES1_H                                 
000004e8  RES2                                   
000004e8  RES2_L                                 
000004e9  RES2_H                                 
000004ea  RES3                                   
000004ea  RES3_L                                 
000004eb  RES3_H                                 
000004ec  MPY32CTL0                              
000004ec  MPY32CTL0_L                            
000004ed  MPY32CTL0_H                            
00000500  UCA0CTLW0                              
00000500  UCA0CTLW0_L                            
00000501  UCA0CTLW0_H                            
00000502  UCA0CTLW1                              
00000502  UCA0CTLW1_L                            
00000503  UCA0CTLW1_H                            
00000506  UCA0BRW                                
00000506  UCA0BRW_L                              
00000507  UCA0BRW_H                              
00000508  UCA0MCTLW                              
00000508  UCA0MCTLW_L                            
00000509  UCA0MCTLW_H                            
0000050a  UCA0STATW                              
0000050a  UCA0STATW_L                            
0000050b  UCA0STATW_H                            
0000050c  UCA0RXBUF                              
0000050c  UCA0RXBUF_L                            
0000050d  UCA0RXBUF_H                            
0000050e  UCA0TXBUF                              
0000050e  UCA0TXBUF_L                            
0000050f  UCA0TXBUF_H                            
00000510  UCA0ABCTL                              
00000510  UCA0ABCTL_L                            
00000511  UCA0ABCTL_H                            
00000512  UCA0IRCTL                              
00000512  UCA0IRCTL_L                            
00000513  UCA0IRCTL_H                            
0000051a  UCA0IE                                 
0000051a  UCA0IE_L                               
0000051b  UCA0IE_H                               
0000051c  UCA0IFG                                
0000051c  UCA0IFG_L                              
0000051d  UCA0IFG_H                              
0000051e  UCA0IV                                 
0000051e  UCA0IV_L                               
0000051f  UCA0IV_H                               
00000540  UCB0CTLW0                              
00000540  UCB0CTLW0_L                            
00000541  UCB0CTLW0_H                            
00000542  UCB0CTLW1                              
00000542  UCB0CTLW1_L                            
00000543  UCB0CTLW1_H                            
00000546  UCB0BRW                                
00000546  UCB0BRW_L                              
00000547  UCB0BRW_H                              
00000548  UCB0STATW                              
00000548  UCB0STATW_L                            
00000549  UCB0STATW_H                            
0000054a  UCB0TBCNT                              
0000054a  UCB0TBCNT_L                            
0000054b  UCB0TBCNT_H                            
0000054c  UCB0RXBUF                              
0000054c  UCB0RXBUF_L                            
0000054d  UCB0RXBUF_H                            
0000054e  UCB0TXBUF                              
0000054e  UCB0TXBUF_L                            
0000054f  UCB0TXBUF_H                            
00000554  UCB0I2COA0                             
00000554  UCB0I2COA0_L                           
00000555  UCB0I2COA0_H                           
00000556  UCB0I2COA1                             
00000556  UCB0I2COA1_L                           
00000557  UCB0I2COA1_H                           
00000558  UCB0I2COA2                             
00000558  UCB0I2COA2_L                           
00000559  UCB0I2COA2_H                           
0000055a  UCB0I2COA3                             
0000055a  UCB0I2COA3_L                           
0000055b  UCB0I2COA3_H                           
0000055c  UCB0ADDRX                              
0000055c  UCB0ADDRX_L                            
0000055d  UCB0ADDRX_H                            
0000055e  UCB0ADDMASK                            
0000055e  UCB0ADDMASK_L                          
0000055f  UCB0ADDMASK_H                          
00000560  UCB0I2CSA                              
00000560  UCB0I2CSA_L                            
00000561  UCB0I2CSA_H                            
0000056a  UCB0IE                                 
0000056a  UCB0IE_L                               
0000056b  UCB0IE_H                               
0000056c  UCB0IFG                                
0000056c  UCB0IFG_L                              
0000056d  UCB0IFG_H                              
0000056e  UCB0IV                                 
0000056e  UCB0IV_L                               
0000056f  UCB0IV_H                               
00000660  BAKMEM0                                
00000660  BAKMEM0_L                              
00000661  BAKMEM0_H                              
00000662  BAKMEM1                                
00000662  BAKMEM1_L                              
00000663  BAKMEM1_H                              
00000664  BAKMEM2                                
00000664  BAKMEM2_L                              
00000665  BAKMEM2_H                              
00000666  BAKMEM3                                
00000666  BAKMEM3_L                              
00000667  BAKMEM3_H                              
00000668  BAKMEM4                                
00000668  BAKMEM4_L                              
00000669  BAKMEM4_H                              
0000066a  BAKMEM5                                
0000066a  BAKMEM5_L                              
0000066b  BAKMEM5_H                              
0000066c  BAKMEM6                                
0000066c  BAKMEM6_L                              
0000066d  BAKMEM6_H                              
0000066e  BAKMEM7                                
0000066e  BAKMEM7_L                              
0000066f  BAKMEM7_H                              
00000670  BAKMEM8                                
00000670  BAKMEM8_L                              
00000671  BAKMEM8_H                              
00000672  BAKMEM9                                
00000672  BAKMEM9_L                              
00000673  BAKMEM9_H                              
00000674  BAKMEM10                               
00000674  BAKMEM10_L                             
00000675  BAKMEM10_H                             
00000676  BAKMEM11                               
00000676  BAKMEM11_L                             
00000677  BAKMEM11_H                             
00000678  BAKMEM12                               
00000678  BAKMEM12_L                             
00000679  BAKMEM12_H                             
0000067a  BAKMEM13                               
0000067a  BAKMEM13_L                             
0000067b  BAKMEM13_H                             
0000067c  BAKMEM14                               
0000067c  BAKMEM14_L                             
0000067d  BAKMEM14_H                             
0000067e  BAKMEM15                               
0000067e  BAKMEM15_L                             
0000067f  BAKMEM15_H                             
00000700  ADCCTL0                                
00000700  ADCCTL0_L                              
00000701  ADCCTL0_H                              
00000702  ADCCTL1                                
00000702  ADCCTL1_L                              
00000703  ADCCTL1_H                              
00000704  ADCCTL2                                
00000704  ADCCTL2_L                              
00000705  ADCCTL2_H                              
00000706  ADCLO                                  
00000706  ADCLO_L                                
00000707  ADCLO_H                                
00000708  ADCHI                                  
00000708  ADCHI_L                                
00000709  ADCHI_H                                
0000070a  ADCMCTL0                               
0000070a  ADCMCTL0_L                             
0000070b  ADCMCTL0_H                             
00000712  ADCMEM0                                
00000712  ADCMEM0_L                              
00000713  ADCMEM0_H                              
0000071a  ADCIE                                  
0000071a  ADCIE_L                                
0000071b  ADCIE_H                                
0000071c  ADCIFG                                 
0000071c  ADCIFG_L                               
0000071d  ADCIFG_H                               
0000071e  ADCIV                                  
0000071e  ADCIV_L                                
0000071f  ADCIV_H                                
00002000  ST_SP_FLAG                             
00002001  PERIOD_COUNT                           
00002002  CLICK_COUNT                            
00002003  TIME_UP                                
00002004  count                                  
00002006  single_click                           
00002007  single_count                           
00002008  long_press                             
00002009  long_count                             
0000200a  i_count                                
0000200b  shut_down                              
0000200c  very_long_count                        
0000200d  very_long_press                        
0000200e  data_flag                              
00002010  Data                                   
00002012  RXData                                 
00002760  _stack                                 
00002800  __STACK_END                            
0000e300  __TI_Handler_Table_Base                
0000e30c  __TI_Handler_Table_Limit               
0000e31a  __TI_CINIT_Base                        
0000e32a  __TI_CINIT_Limit                       
0000e32a  main                                   
0000e5c6  __TI_decompress_lzss                   
0000e6b4  I2C_config_Accelerometer               
0000e722  GPIO_init                              
0000e78c  __TI_auto_init_nobinit_nopinit_hold_wdt
0000e7f6  I2C_ReadRegister                       
0000e842  __memcpy_far                           
0000e882  __TI_zero_init_nomemset                
0000e8c0  __TI_decompress_none                   
0000e8fc  initClockTo1MHz                        
0000e934  I2C_WriteRegister                      
0000e96a  Init_RTC                               
0000e98e  I2C_init                               
0000e9aa  Buzzer_init                            
0000e9c4  TIMA0_init                             
0000e9dc  Init_TIMA0                             
0000e9f0  RTC_init                               
0000ea02  RTC_start                              
0000ea14  Buzzer                                 
0000ea24  Init_timer                             
0000ea34  Init_Buzzer                            
0000ea3e  RTC_enableInterrupt                    
0000ea48  Buzzer_start                           
0000ea50  Buzzer_stop                            
0000ea58  RTC_stop                               
0000ea60  Sensor_disableInterrupt                
0000ea68  Sensor_enableInterrupt                 
0000ea70  TIMA0_stop                             
0000ea78  Boost_disable                          
0000ea7e  Boost_enable                           
0000ea84  RTC_setModulo                          
0000ea8a  Switch_enableInterrupt                 
0000ea90  C$$EXIT                                
0000ea90  abort                                  
0000ea96  _system_pre_init                       
0000ea9a  _system_post_cinit                     
0000ea9c  Port_1                                 
0000ecc8  Timer_A                                
0000edb8  RTC_ISR                                
0000ede6  _c_int00_noargs                        
0000ee02  __TI_ISR_TRAP                          
0000ffe4  __TI_int46                             
0000ffe6  __TI_int47                             
0000ffe8  __TI_int48                             
0000ffea  __TI_int49                             
0000ffec  __TI_int50                             
0000ffee  __TI_int51                             
0000fff0  __TI_int52                             
0000fff2  __TI_int53                             
0000fff4  __TI_int54                             
0000fff6  __TI_int55                             
0000fff8  __TI_int56                             
0000fffa  __TI_int57                             
0000fffc  __TI_int58                             
0000fffe  _reset_vector                          
ffffffff  __TI_pprof_out_hndl                    
ffffffff  __TI_prof_data_size                    
ffffffff  __TI_prof_data_start                   
ffffffff  __c_args__                             

[827 symbols]
